Archive member included to satisfy reference by file (symbol)

/home/donald/Documents/MCUXpresso_10.0.0_344/workspace/lpc_board_nxp_lpcxpresso_812/Debug/liblpc_board_nxp_lpcxpresso_812.a(board.o)
                              ./example/src/gpio.o (Board_Init)
/home/donald/Documents/MCUXpresso_10.0.0_344/workspace/lpc_board_nxp_lpcxpresso_812/Debug/liblpc_board_nxp_lpcxpresso_812.a(board_sysinit.o)
                              ./example/src/sysinit.o (Board_SystemInit)
/home/donald/Documents/MCUXpresso_10.0.0_344/workspace/lpc_chip_8xx/Debug/liblpc_chip_8xx.a(chip_8xx.o)
                              ./example/src/gpio.o (SystemCoreClock)
/home/donald/Documents/MCUXpresso_10.0.0_344/workspace/lpc_chip_8xx/Debug/liblpc_chip_8xx.a(clock_8xx.o)
                              /home/donald/Documents/MCUXpresso_10.0.0_344/workspace/lpc_board_nxp_lpcxpresso_812/Debug/liblpc_board_nxp_lpcxpresso_812.a(board_sysinit.o) (Chip_Clock_SetCLKOUTSource)
/home/donald/Documents/MCUXpresso_10.0.0_344/workspace/lpc_chip_8xx/Debug/liblpc_chip_8xx.a(gpio_8xx.o)
                              /home/donald/Documents/MCUXpresso_10.0.0_344/workspace/lpc_board_nxp_lpcxpresso_812/Debug/liblpc_board_nxp_lpcxpresso_812.a(board.o) (Chip_GPIO_Init)
/home/donald/Documents/MCUXpresso_10.0.0_344/workspace/lpc_chip_8xx/Debug/liblpc_chip_8xx.a(swm_8xx.o)
                              /home/donald/Documents/MCUXpresso_10.0.0_344/workspace/lpc_board_nxp_lpcxpresso_812/Debug/liblpc_board_nxp_lpcxpresso_812.a(board.o) (Chip_SWM_MovablePinAssign)
/home/donald/Documents/MCUXpresso_10.0.0_344/workspace/lpc_chip_8xx/Debug/liblpc_chip_8xx.a(sysinit_8xx.o)
                              /home/donald/Documents/MCUXpresso_10.0.0_344/workspace/lpc_board_nxp_lpcxpresso_812/Debug/liblpc_board_nxp_lpcxpresso_812.a(board_sysinit.o) (Chip_SetupIrcClocking)
/home/donald/Documents/MCUXpresso_10.0.0_344/workspace/lpc_chip_8xx/Debug/liblpc_chip_8xx.a(uart_8xx.o)
                              /home/donald/Documents/MCUXpresso_10.0.0_344/workspace/lpc_board_nxp_lpcxpresso_812/Debug/liblpc_board_nxp_lpcxpresso_812.a(board.o) (Chip_UART_Init)
/home/donald/Documents/MCUXpresso_10.0.0_344/workspace/lpc_chip_8xx/Debug/liblpc_chip_8xx.a(irc_8xx.o)
                              /home/donald/Documents/MCUXpresso_10.0.0_344/workspace/lpc_chip_8xx/Debug/liblpc_chip_8xx.a(sysinit_8xx.o) (Chip_IRC_SetFreq)
/home/donald/Documents/MCUXpresso_10.0.0_344/workspace/lpc_chip_8xx/Debug/liblpc_chip_8xx.a(ring_buffer.o)
                              /home/donald/Documents/MCUXpresso_10.0.0_344/workspace/lpc_chip_8xx/Debug/liblpc_chip_8xx.a(uart_8xx.o) (RingBuffer_Insert)
/home/donald/Documents/MCUXpresso_10.0.0_344/workspace/lpc_chip_8xx/Debug/liblpc_chip_8xx.a(syscon_8xx.o)
                              /home/donald/Documents/MCUXpresso_10.0.0_344/workspace/lpc_chip_8xx/Debug/liblpc_chip_8xx.a(sysinit_8xx.o) (Chip_SYSCTL_PowerDown)
/usr/local/mcuxpressoide-10.0.0_344/ide/tools/bin/../lib/gcc/arm-none-eabi/5.4.1/../../../../arm-none-eabi/lib/armv6-m/libcr_nohost.a(_cr__main.o)
                              ./example/src/cr_startup_lpc8xx.o (__main)
/usr/local/mcuxpressoide-10.0.0_344/ide/tools/bin/../lib/gcc/arm-none-eabi/5.4.1/../../../../arm-none-eabi/lib/armv6-m/libcr_c.a(memcpy.o)
                              /home/donald/Documents/MCUXpresso_10.0.0_344/workspace/lpc_chip_8xx/Debug/liblpc_chip_8xx.a(ring_buffer.o) (memcpy)
/usr/local/mcuxpressoide-10.0.0_344/ide/tools/bin/../lib/gcc/arm-none-eabi/5.4.1/../../../../arm-none-eabi/lib/armv6-m/libcr_c.a(initio.o)
                              /usr/local/mcuxpressoide-10.0.0_344/ide/tools/bin/../lib/gcc/arm-none-eabi/5.4.1/../../../../arm-none-eabi/lib/armv6-m/libcr_nohost.a(_cr__main.o) (_initio)
/usr/local/mcuxpressoide-10.0.0_344/ide/tools/bin/../lib/gcc/arm-none-eabi/5.4.1/../../../../arm-none-eabi/lib/armv6-m/libcr_c.a(setvbuf.o)
                              /usr/local/mcuxpressoide-10.0.0_344/ide/tools/bin/../lib/gcc/arm-none-eabi/5.4.1/../../../../arm-none-eabi/lib/armv6-m/libcr_c.a(initio.o) (setvbuf)
/usr/local/mcuxpressoide-10.0.0_344/ide/tools/bin/../lib/gcc/arm-none-eabi/5.4.1/../../../../arm-none-eabi/lib/armv6-m/libcr_c.a(_fdopen.o)
                              /usr/local/mcuxpressoide-10.0.0_344/ide/tools/bin/../lib/gcc/arm-none-eabi/5.4.1/../../../../arm-none-eabi/lib/armv6-m/libcr_c.a(initio.o) (_fdopen)
/usr/local/mcuxpressoide-10.0.0_344/ide/tools/bin/../lib/gcc/arm-none-eabi/5.4.1/../../../../arm-none-eabi/lib/armv6-m/libcr_c.a(fclose.o)
                              /usr/local/mcuxpressoide-10.0.0_344/ide/tools/bin/../lib/gcc/arm-none-eabi/5.4.1/../../../../arm-none-eabi/lib/armv6-m/libcr_c.a(initio.o) (fclose)
/usr/local/mcuxpressoide-10.0.0_344/ide/tools/bin/../lib/gcc/arm-none-eabi/5.4.1/../../../../arm-none-eabi/lib/armv6-m/libcr_c.a(fflush.o)
[...]
Memory Configuration

Name             Origin             Length             Attributes
MFlash16         0x00000000         0x00004000         xr
RamLoc4          0x10000000         0x00001000         xrw
*default*        0x00000000         0xffffffff

Linker script and memory map

LOAD ./example/src/cr_startup_lpc8xx.o
LOAD ./example/src/crp.o
LOAD ./example/src/gpio.o
LOAD ./example/src/mtb.o
LOAD ./example/src/sysinit.o
LOAD /home/donald/Documents/MCUXpresso_10.0.0_344/workspace/lpc_board_nxp_lpcxpresso_812/Debug/liblpc_board_nxp_lpcxpresso_812.a
LOAD /home/donald/Documents/MCUXpresso_10.0.0_344/workspace/lpc_chip_8xx/Debug/liblpc_chip_8xx.a
START GROUP
LOAD /usr/local/mcuxpressoide-10.0.0_344/ide/tools/bin/../lib/gcc/arm-none-eabi/5.4.1/../../../../arm-none-eabi/lib/armv6-m/libcr_nohost.a
LOAD /usr/local/mcuxpressoide-10.0.0_344/ide/tools/bin/../lib/gcc/arm-none-eabi/5.4.1/../../../../arm-none-eabi/lib/armv6-m/libcr_c.a
LOAD /usr/local/mcuxpressoide-10.0.0_344/ide/tools/bin/../lib/gcc/arm-none-eabi/5.4.1/armv6-m/libcr_eabihelpers.a
END GROUP
                0x00000000                __base_MFlash16 = 0x0
                0x00000000                __base_Flash = 0x0
                0x00004000                __top_MFlash16 = 0x4000
                0x00004000                __top_Flash = 0x4000
                0x10000000                __base_RamLoc4 = 0x10000000
                0x10000000                __base_RAM = 0x10000000
                0x10001000                __top_RamLoc4 = 0x10001000
                0x10001000                __top_RAM = 0x10001000

.text           0x00000000     0x1dec
 FILL mask 0xff
                0x00000000                __vectors_start__ = ABSOLUTE (.)
 *(.isr_vector)
 .isr_vector    0x00000000       0xc0 ./example/src/cr_startup_lpc8xx.o
                0x00000000                g_pfnVectors
                0x000000c0                . = ALIGN (0x4)
                0x000000c0                __section_table_start = .
                0x000000c0                __data_section_table = .
                0x000000c0        0x4 LONG 0x1dec LOADADDR (.data)
                0x000000c4        0x4 LONG 0x10000080 ADDR (.data)
                0x000000c8        0x4 LONG 0x0 SIZEOF (.data)
                0x000000cc                __data_section_table_end = .
                0x000000cc                __bss_section_table = .
                0x000000cc        0x4 LONG 0x10000080 ADDR (.bss)
                0x000000d0        0x4 LONG 0x1ec SIZEOF (.bss)
                0x000000d4                __bss_section_table_end = .
                0x000000d4                __section_table_end = .
 *(.after_vectors*)
 .after_vectors
                0x000000d4      0x124 ./example/src/cr_startup_lpc8xx.o
                0x000000d4                data_init
                0x00000114                bss_init
                0x00000148                ResetISR
                0x000001c8                NMI_Handler
                0x000001d0                HardFault_Handler
                0x000001d8                SVC_Handler
                0x000001e0                PendSV_Handler
                0x000001f0                CMP_IRQHandler
                0x000001f0                PININT7_IRQHandler
                0x000001f0                WKT_IRQHandler
                0x000001f0                PININT2_IRQHandler
                0x000001f0                PININT1_IRQHandler
                0x000001f0                MRT_IRQHandler
                0x000001f0                UART1_IRQHandler
                0x000001f0                UART0_IRQHandler
                0x000001f0                SPI1_IRQHandler
                0x000001f0                IntDefaultHandler
                0x000001f0                PININT3_IRQHandler
                0x000001f0                UART2_IRQHandler
                0x000001f0                PININT5_IRQHandler
                0x000001f0                PININT4_IRQHandler
                0x000001f0                PININT0_IRQHandler
                0x000001f0                BOD_IRQHandler
                0x000001f0                SCT_IRQHandler
                0x000001f0                I2C_IRQHandler
                0x000001f0                WDT_IRQHandler
                0x000001f0                PININT6_IRQHandler
                0x000001f0                SPI0_IRQHandler
                0x000002fc                . = 0x2fc
 *fill*         0x000001f8      0x104 ff
                0x000002fc                PROVIDE (__CRP_WORD_START__, .)
 *(.crp)
 .crp           0x000002fc        0x4 ./example/src/crp.o
                0x000002fc                CRP_WORD
                0x00000300                PROVIDE (__CRP_WORD_END__, .)
                0x00000001                ASSERT (! ((__CRP_WORD_START__ == __CRP_WORD_END__)), Linker CRP Enabled, but no CRP_WORD provided within application)
 *(.text*)
 .text.NVIC_SetPriority
                0x00000300       0xdc ./example/src/gpio.o
 .text.SysTick_Config
                0x000003dc       0x48 ./example/src/gpio.o
 .text.Chip_Clock_EnablePeriphClock
                0x00000424       0x38 ./example/src/gpio.o
 .text.Chip_Clock_DisablePeriphClock
                0x0000045c       0x3c ./example/src/gpio.o
 .text.GPIO_Initialize
                0x00000498       0x38 ./example/src/gpio.o
                0x00000498                GPIO_Initialize
 .text.SysTick_Handler
                0x000004d0       0x4c ./example/src/gpio.o
                0x000004d0                SysTick_Handler
 .text.main     0x0000051c       0x54 ./example/src/gpio.o
                0x0000051c                main
 .text.SystemInit
                0x00000570       0x10 ./example/src/sysinit.o
                0x00000570                SystemInit
 .text.Chip_Clock_EnablePeriphClock
                0x00000580       0x38 /home/donald/Documents/MCUXpresso_10.0.0_344/workspace/lpc_board_nxp_lpcxpresso_812/Debug/liblpc_board_nxp_lpcxpresso_812.a(board.o)
 .text.Chip_Clock_DisablePeriphClock
                0x000005b8       0x3c /home/donald/Documents/MCUXpresso_10.0.0_344/workspace/lpc_board_nxp_lpcxpresso_812/Debug/liblpc_board_nxp_lpcxpresso_812.a(board.o)
 .text.Chip_Clock_SetUARTClockDiv
                0x000005f4       0x1c /home/donald/Documents/MCUXpresso_10.0.0_344/workspace/lpc_board_nxp_lpcxpresso_812/Debug/liblpc_board_nxp_lpcxpresso_812.a(board.o)
 .text.Chip_SWM_DisableFixedPin
                0x00000610       0x3c /home/donald/Documents/MCUXpresso_10.0.0_344/workspace/lpc_board_nxp_lpcxpresso_812/Debug/liblpc_board_nxp_lpcxpresso_812.a(board.o)
 .text.Chip_GPIO_SetPinState
                0x0000064c       0x40 /home/donald/Documents/MCUXpresso_10.0.0_344/workspace/lpc_board_nxp_lpcxpresso_812/Debug/liblpc_board_nxp_lpcxpresso_812.a(board.o)
 .text.Chip_GPIO_SetPinDIROutput
                0x0000068c       0x50 /home/donald/Documents/MCUXpresso_10.0.0_344/workspace/lpc_board_nxp_lpcxpresso_812/Debug/liblpc_board_nxp_lpcxpresso_812.a(board.o)
 .text.Chip_UART_Enable
                0x000006dc       0x24 /home/donald/Documents/MCUXpresso_10.0.0_344/workspace/lpc_board_nxp_lpcxpresso_812/Debug/liblpc_board_nxp_lpcxpresso_812.a(board.o)
 .text.Chip_UART_TXEnable
                0x00000700       0x20 /home/donald/Documents/MCUXpresso_10.0.0_344/workspace/lpc_board_nxp_lpcxpresso_812/Debug/liblpc_board_nxp_lpcxpresso_812.a(board.o)
 .text.Chip_UART_ConfigData
                0x00000720       0x2c /home/donald/Documents/MCUXpresso_10.0.0_344/workspace/lpc_board_nxp_lpcxpresso_812/Debug/liblpc_board_nxp_lpcxpresso_812.a(board.o)
 .text.__sys_write
                0x0000074c       0x38 /home/donald/Documents/MCUXpresso_10.0.0_344/workspace/lpc_board_nxp_lpcxpresso_812/Debug/liblpc_board_nxp_lpcxpresso_812.a(board.o)
                0x0000074c                __sys_write
 .text.Board_LED_Init
                0x00000784       0x4c /home/donald/Documents/MCUXpresso_10.0.0_344/workspace/lpc_board_nxp_lpcxpresso_812/Debug/liblpc_board_nxp_lpcxpresso_812.a(board.o)
 .text.Board_UART_Init
                0x000007d0       0x34 /home/donald/Documents/MCUXpresso_10.0.0_344/workspace/lpc_board_nxp_lpcxpresso_812/Debug/liblpc_board_nxp_lpcxpresso_812.a(board.o)
 .text.Board_UARTPutChar
                0x00000804       0x24 /home/donald/Documents/MCUXpresso_10.0.0_344/workspace/lpc_board_nxp_lpcxpresso_812/Debug/liblpc_board_nxp_lpcxpresso_812.a(board.o)
                0x00000804                Board_UARTPutChar
 .text.Board_Debug_Init
                0x00000828       0x50 /home/donald/Documents/MCUXpresso_10.0.0_344/workspace/lpc_board_nxp_lpcxpresso_812/Debug/liblpc_board_nxp_lpcxpresso_812.a(board.o)
                0x00000828                Board_Debug_Init
 .text.Board_Init
                0x00000878       0x1c /home/donald/Documents/MCUXpresso_10.0.0_344/workspace/lpc_board_nxp_lpcxpresso_812/Debug/liblpc_board_nxp_lpcxpresso_812.a(board.o)
                0x00000878                Board_Init
 .text.Chip_Clock_EnablePeriphClock
                0x00000894       0x38 /home/donald/Documents/MCUXpresso_10.0.0_344/workspace/lpc_board_nxp_lpcxpresso_812/Debug/liblpc_board_nxp_lpcxpresso_812.a(board_sysinit.o)
 .text.Chip_Clock_DisablePeriphClock
                0x000008cc       0x3c /home/donald/Documents/MCUXpresso_10.0.0_344/workspace/lpc_board_nxp_lpcxpresso_812/Debug/liblpc_board_nxp_lpcxpresso_812.a(board_sysinit.o)
 .text.Board_SetupMuxing
                0x00000908       0x64 /home/donald/Documents/MCUXpresso_10.0.0_344/workspace/lpc_board_nxp_lpcxpresso_812/Debug/liblpc_board_nxp_lpcxpresso_812.a(board_sysinit.o)
                0x00000908                Board_SetupMuxing
 .text.Board_SetupClocking
                0x0000096c       0x18 /home/donald/Documents/MCUXpresso_10.0.0_344/workspace/lpc_board_nxp_lpcxpresso_812/Debug/liblpc_board_nxp_lpcxpresso_812.a(board_sysinit.o)
                0x0000096c                Board_SetupClocking
 .text.Board_SystemInit
                0x00000984       0x14 /home/donald/Documents/MCUXpresso_10.0.0_344/workspace/lpc_board_nxp_lpcxpresso_812/Debug/liblpc_board_nxp_lpcxpresso_812.a(board_sysinit.o)
                0x00000984                Board_SystemInit
 .text.SystemCoreClockUpdate
                0x00000998       0x18 /home/donald/Documents/MCUXpresso_10.0.0_344/workspace/lpc_chip_8xx/Debug/liblpc_chip_8xx.a(chip_8xx.o)
                0x00000998                SystemCoreClockUpdate
 .text.Chip_SYSCTL_AssertPeriphReset
                0x000009b0       0x38 /home/donald/Documents/MCUXpresso_10.0.0_344/workspace/lpc_chip_8xx/Debug/liblpc_chip_8xx.a(clock_8xx.o)
 .text.Chip_SYSCTL_DeassertPeriphReset
                0x000009e8       0x34 /home/donald/Documents/MCUXpresso_10.0.0_344/workspace/lpc_chip_8xx/Debug/liblpc_chip_8xx.a(clock_8xx.o)
 .text.Chip_SYSCTL_PeriphReset
                0x00000a1c       0x28 /home/donald/Documents/MCUXpresso_10.0.0_344/workspace/lpc_chip_8xx/Debug/liblpc_chip_8xx.a(clock_8xx.o)
 .text.Chip_Clock_SetUARTClockDiv
                0x00000a44       0x1c /home/donald/Documents/MCUXpresso_10.0.0_344/workspace/lpc_chip_8xx/Debug/liblpc_chip_8xx.a(clock_8xx.o)
 .text.Chip_Clock_GetUARTClockDiv
                0x00000a60       0x18 /home/donald/Documents/MCUXpresso_10.0.0_344/workspace/lpc_chip_8xx/Debug/liblpc_chip_8xx.a(clock_8xx.o)
 .text.Chip_SYSCTL_SetUSARTFRGDivider
                0x00000a78       0x24 /home/donald/Documents/MCUXpresso_10.0.0_344/workspace/lpc_chip_8xx/Debug/liblpc_chip_8xx.a(clock_8xx.o)
 .text.Chip_SYSCTL_GetUSARTFRGDivider
                0x00000a9c       0x18 /home/donald/Documents/MCUXpresso_10.0.0_344/workspace/lpc_chip_8xx/Debug/liblpc_chip_8xx.a(clock_8xx.o)
 .text.Chip_SYSCTL_SetUSARTFRGMultiplier
                0x00000ab4       0x24 /home/donald/Documents/MCUXpresso_10.0.0_344/workspace/lpc_chip_8xx/Debug/liblpc_chip_8xx.a(clock_8xx.o)
 .text.Chip_SYSCTL_GetUSARTFRGMultiplier
                0x00000ad8       0x18 /home/donald/Documents/MCUXpresso_10.0.0_344/workspace/lpc_chip_8xx/Debug/liblpc_chip_8xx.a(clock_8xx.o)
 .text.Chip_Clock_GetMainOscRate
                0x00000af0       0x14 /home/donald/Documents/MCUXpresso_10.0.0_344/workspace/lpc_chip_8xx/Debug/liblpc_chip_8xx.a(clock_8xx.o)
 .text.Chip_Clock_GetIntOscRate
                0x00000b04       0x10 /home/donald/Documents/MCUXpresso_10.0.0_344/workspace/lpc_chip_8xx/Debug/liblpc_chip_8xx.a(clock_8xx.o)
 .text.Chip_Clock_GetExtClockInRate
                0x00000b14       0x14 /home/donald/Documents/MCUXpresso_10.0.0_344/workspace/lpc_chip_8xx/Debug/liblpc_chip_8xx.a(clock_8xx.o)
 .text.Chip_Clock_GetWDTLFORate
                0x00000b28       0x48 /home/donald/Documents/MCUXpresso_10.0.0_344/workspace/lpc_chip_8xx/Debug/liblpc_chip_8xx.a(clock_8xx.o)
 .text.Chip_Clock_GetPLLFreq
                0x00000b70       0x24 /home/donald/Documents/MCUXpresso_10.0.0_344/workspace/lpc_chip_8xx/Debug/liblpc_chip_8xx.a(clock_8xx.o)
 .text.Chip_Clock_SetSystemPLLSource
                0x00000b94       0x2c /home/donald/Documents/MCUXpresso_10.0.0_344/workspace/lpc_chip_8xx/Debug/liblpc_chip_8xx.a(clock_8xx.o)
                0x00000b94                Chip_Clock_SetSystemPLLSource
 .text.Chip_Clock_SetMainClockSource
                0x00000bc0       0x2c /home/donald/Documents/MCUXpresso_10.0.0_344/workspace/lpc_chip_8xx/Debug/liblpc_chip_8xx.a(clock_8xx.o)
                0x00000bc0                Chip_Clock_SetMainClockSource
 .text.Chip_Clock_SetCLKOUTSource
                0x00000bec       0x3c /home/donald/Documents/MCUXpresso_10.0.0_344/workspace/lpc_chip_8xx/Debug/liblpc_chip_8xx.a(clock_8xx.o)
                0x00000bec                Chip_Clock_SetCLKOUTSource
 .text.Chip_Clock_GetWDTOSCRate
                0x00000c28       0x20 /home/donald/Documents/MCUXpresso_10.0.0_344/workspace/lpc_chip_8xx/Debug/liblpc_chip_8xx.a(clock_8xx.o)
                0x00000c28                Chip_Clock_GetWDTOSCRate
 .text.Chip_Clock_GetSystemPLLInClockRate
                0x00000c48       0x50 /home/donald/Documents/MCUXpresso_10.0.0_344/workspace/lpc_chip_8xx/Debug/liblpc_chip_8xx.a(clock_8xx.o)
                0x00000c48                Chip_Clock_GetSystemPLLInClockRate
 .text.Chip_Clock_GetSystemPLLOutClockRate
                0x00000c98       0x28 /home/donald/Documents/MCUXpresso_10.0.0_344/workspace/lpc_chip_8xx/Debug/liblpc_chip_8xx.a(clock_8xx.o)
                0x00000c98                Chip_Clock_GetSystemPLLOutClockRate
 .text.Chip_Clock_GetMainClockRate
                0x00000cc0       0x64 /home/donald/Documents/MCUXpresso_10.0.0_344/workspace/lpc_chip_8xx/Debug/liblpc_chip_8xx.a(clock_8xx.o)
                0x00000cc0                Chip_Clock_GetMainClockRate
 .text.Chip_Clock_GetSystemClockRate
                0x00000d24       0x24 /home/donald/Documents/MCUXpresso_10.0.0_344/workspace/lpc_chip_8xx/Debug/liblpc_chip_8xx.a(clock_8xx.o)
                0x00000d24                Chip_Clock_GetSystemClockRate
 .text.Chip_Clock_GetUSARTNBaseClockRate
                0x00000d48       0x84 /home/donald/Documents/MCUXpresso_10.0.0_344/workspace/lpc_chip_8xx/Debug/liblpc_chip_8xx.a(clock_8xx.o)
                0x00000d48                Chip_Clock_GetUSARTNBaseClockRate
 .text.Chip_Clock_SetUSARTNBaseClockRate
                0x00000dcc       0x84 /home/donald/Documents/MCUXpresso_10.0.0_344/workspace/lpc_chip_8xx/Debug/liblpc_chip_8xx.a(clock_8xx.o)
                0x00000dcc                Chip_Clock_SetUSARTNBaseClockRate
 .text.Chip_Clock_EnablePeriphClock
                0x00000e50       0x38 /home/donald/Documents/MCUXpresso_10.0.0_344/workspace/lpc_chip_8xx/Debug/liblpc_chip_8xx.a(gpio_8xx.o)
 .text.Chip_GPIO_Init
                0x00000e88       0x18 /home/donald/Documents/MCUXpresso_10.0.0_344/workspace/lpc_chip_8xx/Debug/liblpc_chip_8xx.a(gpio_8xx.o)
                0x00000e88                Chip_GPIO_Init
 .text.Chip_SWM_MovablePinAssign
                0x00000ea0       0x64 /home/donald/Documents/MCUXpresso_10.0.0_344/workspace/lpc_chip_8xx/Debug/liblpc_chip_8xx.a(swm_8xx.o)
                0x00000ea0                Chip_SWM_MovablePinAssign
 .text.Chip_SetupIrcClocking
                0x00000f04       0x20 /home/donald/Documents/MCUXpresso_10.0.0_344/workspace/lpc_chip_8xx/Debug/liblpc_chip_8xx.a(sysinit_8xx.o)
                0x00000f04                Chip_SetupIrcClocking
 .text.Chip_SYSCTL_AssertPeriphReset
                0x00000f24       0x38 /home/donald/Documents/MCUXpresso_10.0.0_344/workspace/lpc_chip_8xx/Debug/liblpc_chip_8xx.a(uart_8xx.o)
 .text.Chip_SYSCTL_DeassertPeriphReset
                0x00000f5c       0x34 /home/donald/Documents/MCUXpresso_10.0.0_344/workspace/lpc_chip_8xx/Debug/liblpc_chip_8xx.a(uart_8xx.o)
 .text.Chip_SYSCTL_PeriphReset
                0x00000f90       0x28 /home/donald/Documents/MCUXpresso_10.0.0_344/workspace/lpc_chip_8xx/Debug/liblpc_chip_8xx.a(uart_8xx.o)
 .text.Chip_Clock_EnablePeriphClock
                0x00000fb8       0x38 /home/donald/Documents/MCUXpresso_10.0.0_344/workspace/lpc_chip_8xx/Debug/liblpc_chip_8xx.a(uart_8xx.o)
 .text.Chip_UART_SendByte
                0x00000ff0       0x20 /home/donald/Documents/MCUXpresso_10.0.0_344/workspace/lpc_chip_8xx/Debug/liblpc_chip_8xx.a(uart_8xx.o)
 .text.Chip_UART_GetStatus
                0x00001010       0x1c /home/donald/Documents/MCUXpresso_10.0.0_344/workspace/lpc_chip_8xx/Debug/liblpc_chip_8xx.a(uart_8xx.o)
 .text.getUARTClockID
                0x0000102c       0x34 /home/donald/Documents/MCUXpresso_10.0.0_344/workspace/lpc_chip_8xx/Debug/liblpc_chip_8xx.a(uart_8xx.o)
 .text.Chip_UART_Init
                0x00001060       0x50 /home/donald/Documents/MCUXpresso_10.0.0_344/workspace/lpc_chip_8xx/Debug/liblpc_chip_8xx.a(uart_8xx.o)
                0x00001060                Chip_UART_Init
 .text.Chip_UART_Send
                0x000010b0       0x54 /home/donald/Documents/MCUXpresso_10.0.0_344/workspace/lpc_chip_8xx/Debug/liblpc_chip_8xx.a(uart_8xx.o)
                0x000010b0                Chip_UART_Send
 .text.Chip_UART_SendBlocking
                0x00001104       0x50 /home/donald/Documents/MCUXpresso_10.0.0_344/workspace/lpc_chip_8xx/Debug/liblpc_chip_8xx.a(uart_8xx.o)
                0x00001104                Chip_UART_SendBlocking
 .text.Chip_UART_SetBaud
                0x00001154       0x30 /home/donald/Documents/MCUXpresso_10.0.0_344/workspace/lpc_chip_8xx/Debug/liblpc_chip_8xx.a(uart_8xx.o)
                0x00001154                Chip_UART_SetBaud
 .text.Chip_Clock_SetupSystemPLL
                0x00001184       0x38 /home/donald/Documents/MCUXpresso_10.0.0_344/workspace/lpc_chip_8xx/Debug/liblpc_chip_8xx.a(irc_8xx.o)
 .text.Chip_Clock_IsSystemPLLLocked
                0x000011bc       0x1c /home/donald/Documents/MCUXpresso_10.0.0_344/workspace/lpc_chip_8xx/Debug/liblpc_chip_8xx.a(irc_8xx.o)
 .text.Chip_Clock_SetSysClockDiv
                0x000011d8       0x1c /home/donald/Documents/MCUXpresso_10.0.0_344/workspace/lpc_chip_8xx/Debug/liblpc_chip_8xx.a(irc_8xx.o)
 .text.Chip_FMC_SetFLASHAccess
                0x000011f4       0x2c /home/donald/Documents/MCUXpresso_10.0.0_344/workspace/lpc_chip_8xx/Debug/liblpc_chip_8xx.a(irc_8xx.o)
 .text.pll_config
                0x00001220       0x6c /home/donald/Documents/MCUXpresso_10.0.0_344/workspace/lpc_chip_8xx/Debug/liblpc_chip_8xx.a(irc_8xx.o)
 .text.Chip_IRC_SetFreq
                0x0000128c       0xf4 /home/donald/Documents/MCUXpresso_10.0.0_344/workspace/lpc_chip_8xx/Debug/liblpc_chip_8xx.a(irc_8xx.o)
                0x0000128c                Chip_IRC_SetFreq
 .text.Chip_SYSCTL_PowerDown
                0x00001380       0x44 /home/donald/Documents/MCUXpresso_10.0.0_344/workspace/lpc_chip_8xx/Debug/liblpc_chip_8xx.a(syscon_8xx.o)
                0x00001380                Chip_SYSCTL_PowerDown
 .text.Chip_SYSCTL_PowerUp
                0x000013c4       0x48 /home/donald/Documents/MCUXpresso_10.0.0_344/workspace/lpc_chip_8xx/Debug/liblpc_chip_8xx.a(syscon_8xx.o)
                0x000013c4                Chip_SYSCTL_PowerUp
 .text.__main   0x0000140c        0xc /usr/local/mcuxpressoide-10.0.0_344/ide/tools/bin/../lib/gcc/arm-none-eabi/5.4.1/../../../../arm-none-eabi/lib/armv6-m/libcr_nohost.a(_cr__main.o)
                0x0000140c                __main
 .text._initio  0x00001418       0x7c /usr/local/mcuxpressoide-10.0.0_344/ide/tools/bin/../lib/gcc/arm-none-eabi/5.4.1/../../../../arm-none-eabi/lib/armv6-m/libcr_c.a(initio.o)
                0x00001418                _initio
 .text.setvbuf  0x00001494       0x4c /usr/local/mcuxpressoide-10.0.0_344/ide/tools/bin/../lib/gcc/arm-none-eabi/5.4.1/../../../../arm-none-eabi/lib/armv6-m/libcr_c.a(setvbuf.o)
                0x00001494                setvbuf
 .text._fdopen  0x000014e0       0x74 /usr/local/mcuxpressoide-10.0.0_344/ide/tools/bin/../lib/gcc/arm-none-eabi/5.4.1/../../../../arm-none-eabi/lib/armv6-m/libcr_c.a(_fdopen.o)
                0x000014e0                _fdopen
 .text.fclose   0x00001554       0x5c /usr/local/mcuxpressoide-10.0.0_344/ide/tools/bin/../lib/gcc/arm-none-eabi/5.4.1/../../../../arm-none-eabi/lib/armv6-m/libcr_c.a(fclose.o)
                0x00001554                fclose
 .text.fflush   0x000015b0       0x44 /usr/local/mcuxpressoide-10.0.0_344/ide/tools/bin/../lib/gcc/arm-none-eabi/5.4.1/../../../../arm-none-eabi/lib/armv6-m/libcr_c.a(fflush.o)
                0x000015b0                fflush
 .text.fseek    0x000015f4       0xf0 /usr/local/mcuxpressoide-10.0.0_344/ide/tools/bin/../lib/gcc/arm-none-eabi/5.4.1/../../../../arm-none-eabi/lib/armv6-m/libcr_c.a(fseek.o)
                0x000015f4                fseek
 .text.ftell    0x000016e4       0x48 /usr/local/mcuxpressoide-10.0.0_344/ide/tools/bin/../lib/gcc/arm-none-eabi/5.4.1/../../../../arm-none-eabi/lib/armv6-m/libcr_c.a(ftell.o)
                0x000016e4                ftell
 .text.remove   0x0000172c       0x12 /usr/local/mcuxpressoide-10.0.0_344/ide/tools/bin/../lib/gcc/arm-none-eabi/5.4.1/../../../../arm-none-eabi/lib/armv6-m/libcr_c.a(remove.o)
                0x0000172c                remove
 *fill*         0x0000173e        0x2 ff
 .text.strlen   0x00001740       0x54 /usr/local/mcuxpressoide-10.0.0_344/ide/tools/bin/../lib/gcc/arm-none-eabi/5.4.1/../../../../arm-none-eabi/lib/armv6-m/libcr_c.a(strlen.o)
                0x00001740                strlen
 .text.memset   0x00001794        0x8 /usr/local/mcuxpressoide-10.0.0_344/ide/tools/bin/../lib/gcc/arm-none-eabi/5.4.1/../../../../arm-none-eabi/lib/armv6-m/libcr_c.a(memset.o)
                0x00001794                memset
 .text._do_fflush
                0x0000179c       0x48 /usr/local/mcuxpressoide-10.0.0_344/ide/tools/bin/../lib/gcc/arm-none-eabi/5.4.1/../../../../arm-none-eabi/lib/armv6-m/libcr_c.a(_do_fflush.o)
                0x0000179c                _do_fflush
 .text._fflush  0x000017e4       0x60 /usr/local/mcuxpressoide-10.0.0_344/ide/tools/bin/../lib/gcc/arm-none-eabi/5.4.1/../../../../arm-none-eabi/lib/armv6-m/libcr_c.a(_fflush.o)
                0x000017e4                _fflush
 .text._Cwritebuf
                0x00001844       0x6c /usr/local/mcuxpressoide-10.0.0_344/ide/tools/bin/../lib/gcc/arm-none-eabi/5.4.1/../../../../arm-none-eabi/lib/armv6-m/libcr_c.a(_writebuf.o)
                0x00001844                _Cwritebuf
 .text.free     0x000018b0       0x2e /usr/local/mcuxpressoide-10.0.0_344/ide/tools/bin/../lib/gcc/arm-none-eabi/5.4.1/../../../../arm-none-eabi/lib/armv6-m/libcr_c.a(alloc.o)
                0x000018b0                free
 *fill*         0x000018de        0x2 ff
 .text._deferredlazyseek
                0x000018e0       0x40 /usr/local/mcuxpressoide-10.0.0_344/ide/tools/bin/../lib/gcc/arm-none-eabi/5.4.1/../../../../arm-none-eabi/lib/armv6-m/libcr_c.a(_deferredlazyseek.o)
                0x000018e0                _deferredlazyseek
 .text.__aeabi_division_idivmod
                0x00001920       0x78 /usr/local/mcuxpressoide-10.0.0_344/ide/tools/bin/../lib/gcc/arm-none-eabi/5.4.1/armv6-m/libcr_eabihelpers.a(division_32.o)
                0x00001920                __aeabi_idiv
                0x00001920                __aeabi_idivmod
                0x00001926                __aeabi_uidiv
                0x00001926                __aeabi_uidivmod
 .text.__aeabi_division_uldivmod
                0x00001998       0x5a /usr/local/mcuxpressoide-10.0.0_344/ide/tools/bin/../lib/gcc/arm-none-eabi/5.4.1/armv6-m/libcr_eabihelpers.a(division_64.o)
                0x00001998                __aeabi_uldivmod
 .text.__aeabi_division_idiv0
                0x000019f2        0x2 /usr/local/mcuxpressoide-10.0.0_344/ide/tools/bin/../lib/gcc/arm-none-eabi/5.4.1/armv6-m/libcr_eabihelpers.a(division_idiv0.o)
                0x000019f2                __aeabi_idiv0
 .text.__aeabi_memset_lowlevel
                0x000019f4       0x2a /usr/local/mcuxpressoide-10.0.0_344/ide/tools/bin/../lib/gcc/arm-none-eabi/5.4.1/armv6-m/libcr_eabihelpers.a(memcpy.o)
                0x000019f4                __aeabi_lowlevel_memset
 .text.__sys_close
                0x00001a1e        0x6 /usr/local/mcuxpressoide-10.0.0_344/ide/tools/bin/../lib/gcc/arm-none-eabi/5.4.1/../../../../arm-none-eabi/lib/armv6-m/libcr_nohost.a(__sys_close.o)
                0x00001a1e                __sys_close
 .text.__sys_flen
                0x00001a24        0x6 /usr/local/mcuxpressoide-10.0.0_344/ide/tools/bin/../lib/gcc/arm-none-eabi/5.4.1/../../../../arm-none-eabi/lib/armv6-m/libcr_nohost.a(__sys_flen.o)
                0x00001a24                __sys_flen
 .text.__sys_istty
                0x00001a2a        0x6 /usr/local/mcuxpressoide-10.0.0_344/ide/tools/bin/../lib/gcc/arm-none-eabi/5.4.1/../../../../arm-none-eabi/lib/armv6-m/libcr_nohost.a(__sys_istty.o)
                0x00001a2a                __sys_istty
 .text.__sys_remove
                0x00001a30        0x6 /usr/local/mcuxpressoide-10.0.0_344/ide/tools/bin/../lib/gcc/arm-none-eabi/5.4.1/../../../../arm-none-eabi/lib/armv6-m/libcr_nohost.a(__sys_remove.o)
                0x00001a30                __sys_remove
 .text.__sys_seek
                0x00001a36        0x6 /usr/local/mcuxpressoide-10.0.0_344/ide/tools/bin/../lib/gcc/arm-none-eabi/5.4.1/../../../../arm-none-eabi/lib/armv6-m/libcr_nohost.a(__sys_seek.o)
                0x00001a36                __sys_seek
 .text.__sys_tmpnam
                0x00001a3c        0x6 /usr/local/mcuxpressoide-10.0.0_344/ide/tools/bin/../lib/gcc/arm-none-eabi/5.4.1/../../../../arm-none-eabi/lib/armv6-m/libcr_nohost.a(__sys_tmpnam.o)
                0x00001a3c                __sys_tmpnam
 *(.rodata .rodata.* .constdata .constdata.*)
 *fill*         0x00001a42        0x2 ff
 .rodata.ledBits
                0x00001a44        0x3 /home/donald/Documents/MCUXpresso_10.0.0_344/workspace/lpc_board_nxp_lpcxpresso_812/Debug/liblpc_board_nxp_lpcxpresso_812.a(board.o)
 *fill*         0x00001a47        0x1 ff
 .rodata.OscRateIn
                0x00001a48        0x4 /home/donald/Documents/MCUXpresso_10.0.0_344/workspace/lpc_board_nxp_lpcxpresso_812/Debug/liblpc_board_nxp_lpcxpresso_812.a(board.o)
                0x00001a48                OscRateIn
 .rodata.ExtRateIn
                0x00001a4c        0x4 /home/donald/Documents/MCUXpresso_10.0.0_344/workspace/lpc_board_nxp_lpcxpresso_812/Debug/liblpc_board_nxp_lpcxpresso_812.a(board.o)
                0x00001a4c                ExtRateIn
 .rodata.wdtOSCRate
                0x00001a50       0x40 /home/donald/Documents/MCUXpresso_10.0.0_344/workspace/lpc_chip_8xx/Debug/liblpc_chip_8xx.a(clock_8xx.o)
 .rodata.config_tab
                0x00001a90      0x354 /home/donald/Documents/MCUXpresso_10.0.0_344/workspace/lpc_chip_8xx/Debug/liblpc_chip_8xx.a(irc_8xx.o)
 .rodata.str1.1
                0x00001de4        0x4 /usr/local/mcuxpressoide-10.0.0_344/ide/tools/bin/../lib/gcc/arm-none-eabi/5.4.1/../../../../arm-none-eabi/lib/armv6-m/libcr_c.a(initio.o)
 .rodata.__num_Ciob_streams
                0x00001de8        0x4 /usr/local/mcuxpressoide-10.0.0_344/ide/tools/bin/../lib/gcc/arm-none-eabi/5.4.1/../../../../arm-none-eabi/lib/armv6-m/libcr_nohost.a(__ciob.o)
                0x00001de8                __num_Ciob_streams
                0x00001dec                . = ALIGN (0x4)

.glue_7         0x00001dec        0x0
 .glue_7        0x00001dec        0x0 linker stubs

.glue_7t        0x00001dec        0x0
 .glue_7t       0x00001dec        0x0 linker stubs

.vfp11_veneer   0x00001dec        0x0
 .vfp11_veneer  0x00001dec        0x0 linker stubs

.v4_bx          0x00001dec        0x0
 .v4_bx         0x00001dec        0x0 linker stubs

.iplt           0x00001dec        0x0
 .iplt          0x00001dec        0x0 ./example/src/cr_startup_lpc8xx.o

.rel.dyn        0x00001dec        0x0
 .rel.iplt      0x00001dec        0x0 ./example/src/cr_startup_lpc8xx.o

.ARM.extab
 *(.ARM.extab* .gnu.linkonce.armextab.*)
                0x00001dec                __exidx_start = .

.ARM.exidx
 *(.ARM.exidx* .gnu.linkonce.armexidx.*)
                0x00001dec                __exidx_end = .
                0x00001dec                _etext = .

.mtb_buffer_default
                0x10000000       0x80
 *(.mtb*)
 .mtb.$RAM1     0x10000000       0x80 ./example/src/mtb.o
                0x10000000                __mtb_buffer__

.uninit_RESERVED
                0x10000080        0x0
 *(.bss.$RESERVED*)
                0x10000080                . = ALIGN (0x4)
                0x10000080                _end_uninit_RESERVED = .

.data           0x10000080        0x0 load address 0x00001dec
 FILL mask 0xff
                0x10000080                _data = .
 *(vtable)
 *(.ramfunc*)
 *(.data*)
                0x10000080                . = ALIGN (0x4)
                0x10000080                _edata = .

.igot.plt       0x10000080        0x0 load address 0x00001dec
 .igot.plt      0x10000080        0x0 ./example/src/cr_startup_lpc8xx.o

.bss            0x10000080      0x1ec load address 0x00001dec
                0x10000080                _bss = .
 *(.bss*)
 .bss.count     0x10000080        0x1 ./example/src/gpio.o
                0x10000080                count
 *fill*         0x10000081        0x1 
 .bss.config_tab_idx
                0x10000082        0x2 /home/donald/Documents/MCUXpresso_10.0.0_344/workspace/lpc_chip_8xx/Debug/liblpc_chip_8xx.a(irc_8xx.o)
 .bss.errno     0x10000084        0x4 /usr/local/mcuxpressoide-10.0.0_344/ide/tools/bin/../lib/gcc/arm-none-eabi/5.4.1/../../../../arm-none-eabi/lib/armv6-m/libcr_c.a(errno.o)
                0x10000084                errno
 .bss.__Ciob    0x10000088      0x1e0 /usr/local/mcuxpressoide-10.0.0_344/ide/tools/bin/../lib/gcc/arm-none-eabi/5.4.1/../../../../arm-none-eabi/lib/armv6-m/libcr_nohost.a(__ciob.o)
                0x10000088                __Ciob
 *(COMMON)
 COMMON         0x10000268        0x4 /home/donald/Documents/MCUXpresso_10.0.0_344/workspace/lpc_chip_8xx/Debug/liblpc_chip_8xx.a(chip_8xx.o)
                0x10000268                SystemCoreClock
                0x1000026c                . = ALIGN (0x4)
                0x1000026c                _ebss = .
                [!provide]                PROVIDE (end, .)

.noinit         0x1000026c        0x0 load address 0x00001dec
                0x1000026c                _noinit = .
 *(.noinit*)
                0x1000026c                . = ALIGN (0x4)
                0x1000026c                _end_noinit = .
                0x1000026c                PROVIDE (_pvHeapStart, DEFINED (__user_heap_base)?__user_heap_base:.)
                0x10001000                PROVIDE (_vStackTop, DEFINED (__user_stack_top)?__user_stack_top:(__top_RamLoc4 - 0x0))
                [!provide]                PROVIDE (__valid_user_code_checksum, (0x0 - (((_vStackTop + (ResetISR + 0x1)) + (DEFINED (NMI_Handler)?NMI_Handler:M0_NMI_Handler + 0x1)) + (DEFINED (HardFault_Handler)?HardFault_Handler:M0_HardFault_Handler + 0x1))))
OUTPUT(periph_gpio.axf elf32-littlearm)

.debug_info     0x00000000     0x5acf
 .debug_info    0x00000000      0x203 ./example/src/cr_startup_lpc8xx.o
 .debug_info    0x00000203       0x3f ./example/src/crp.o
 .debug_info    0x00000242      0xa59 ./example/src/gpio.o
 .debug_info    0x00000c9b       0x51 ./example/src/mtb.o
 .debug_info    0x00000cec       0xc3 ./example/src/sysinit.o
 .debug_info    0x00000daf      0xce7 /home/donald/Documents/MCUXpresso_10.0.0_344/workspace/lpc_board_nxp_lpcxpresso_812/Debug/liblpc_board_nxp_lpcxpresso_812.a(board.o)
 .debug_info    0x00001a96      0x6af /home/donald/Documents/MCUXpresso_10.0.0_344/workspace/lpc_board_nxp_lpcxpresso_812/Debug/liblpc_board_nxp_lpcxpresso_812.a(board_sysinit.o)
 .debug_info    0x00002145       0xcd /home/donald/Documents/MCUXpresso_10.0.0_344/workspace/lpc_chip_8xx/Debug/liblpc_chip_8xx.a(chip_8xx.o)
 .debug_info    0x00002212      0xa81 /home/donald/Documents/MCUXpresso_10.0.0_344/workspace/lpc_chip_8xx/Debug/liblpc_chip_8xx.a(clock_8xx.o)
 .debug_info    0x00002c93      0x665 /home/donald/Documents/MCUXpresso_10.0.0_344/workspace/lpc_chip_8xx/Debug/liblpc_chip_8xx.a(gpio_8xx.o)
 .debug_info    0x000032f8      0x349 /home/donald/Documents/MCUXpresso_10.0.0_344/workspace/lpc_chip_8xx/Debug/liblpc_chip_8xx.a(swm_8xx.o)
 .debug_info    0x00003641      0x5ea /home/donald/Documents/MCUXpresso_10.0.0_344/workspace/lpc_chip_8xx/Debug/liblpc_chip_8xx.a(sysinit_8xx.o)
 .debug_info    0x00003c2b      0xbc6 /home/donald/Documents/MCUXpresso_10.0.0_344/workspace/lpc_chip_8xx/Debug/liblpc_chip_8xx.a(uart_8xx.o)
 .debug_info    0x000047f1      0xe4f /home/donald/Documents/MCUXpresso_10.0.0_344/workspace/lpc_chip_8xx/Debug/liblpc_chip_8xx.a(irc_8xx.o)
 .debug_info    0x00005640      0x48f /home/donald/Documents/MCUXpresso_10.0.0_344/workspace/lpc_chip_8xx/Debug/liblpc_chip_8xx.a(syscon_8xx.o)

.debug_abbrev   0x00000000     0x1230
 .debug_abbrev  0x00000000       0xe6 ./example/src/cr_startup_lpc8xx.o
 .debug_abbrev  0x000000e6       0x36 ./example/src/crp.o
 .debug_abbrev  0x0000011c      0x214 ./example/src/gpio.o
 .debug_abbrev  0x00000330       0x41 ./example/src/mtb.o
 .debug_abbrev  0x00000371       0x6a ./example/src/sysinit.o
 .debug_abbrev  0x000003db      0x213 /home/donald/Documents/MCUXpresso_10.0.0_344/workspace/lpc_board_nxp_lpcxpresso_812/Debug/liblpc_board_nxp_lpcxpresso_812.a(board.o)
 .debug_abbrev  0x000005ee       0xfc /home/donald/Documents/MCUXpresso_10.0.0_344/workspace/lpc_board_nxp_lpcxpresso_812/Debug/liblpc_board_nxp_lpcxpresso_812.a(board_sysinit.o)
 .debug_abbrev  0x000006ea       0x7b /home/donald/Documents/MCUXpresso_10.0.0_344/workspace/lpc_chip_8xx/Debug/liblpc_chip_8xx.a(chip_8xx.o)
 .debug_abbrev  0x00000765      0x272 /home/donald/Documents/MCUXpresso_10.0.0_344/workspace/lpc_chip_8xx/Debug/liblpc_chip_8xx.a(clock_8xx.o)
 .debug_abbrev  0x000009d7      0x127 /home/donald/Documents/MCUXpresso_10.0.0_344/workspace/lpc_chip_8xx/Debug/liblpc_chip_8xx.a(gpio_8xx.o)
 .debug_abbrev  0x00000afe      0x138 /home/donald/Documents/MCUXpresso_10.0.0_344/workspace/lpc_chip_8xx/Debug/liblpc_chip_8xx.a(swm_8xx.o)
 .debug_abbrev  0x00000c36      0x141 /home/donald/Documents/MCUXpresso_10.0.0_344/workspace/lpc_chip_8xx/Debug/liblpc_chip_8xx.a(sysinit_8xx.o)
 .debug_abbrev  0x00000d77      0x1f6 /home/donald/Documents/MCUXpresso_10.0.0_344/workspace/lpc_chip_8xx/Debug/liblpc_chip_8xx.a(uart_8xx.o)
 .debug_abbrev  0x00000f6d      0x1f5 /home/donald/Documents/MCUXpresso_10.0.0_344/workspace/lpc_chip_8xx/Debug/liblpc_chip_8xx.a(irc_8xx.o)
 .debug_abbrev  0x00001162       0xce /home/donald/Documents/MCUXpresso_10.0.0_344/workspace/lpc_chip_8xx/Debug/liblpc_chip_8xx.a(syscon_8xx.o)

.debug_aranges  0x00000000      0x550
 .debug_aranges
                0x00000000       0x60 ./example/src/cr_startup_lpc8xx.o
 .debug_aranges
                0x00000060       0x18 ./example/src/crp.o
 .debug_aranges
                0x00000078       0x50 ./example/src/gpio.o
 .debug_aranges
                0x000000c8       0x18 ./example/src/mtb.o
 .debug_aranges
                0x000000e0       0x20 ./example/src/sysinit.o
 .debug_aranges
                0x00000100       0xd8 /home/donald/Documents/MCUXpresso_10.0.0_344/workspace/lpc_board_nxp_lpcxpresso_812/Debug/liblpc_board_nxp_lpcxpresso_812.a(board.o)
 .debug_aranges
                0x000001d8       0x40 /home/donald/Documents/MCUXpresso_10.0.0_344/workspace/lpc_board_nxp_lpcxpresso_812/Debug/liblpc_board_nxp_lpcxpresso_812.a(board_sysinit.o)
 .debug_aranges
                0x00000218       0x20 /home/donald/Documents/MCUXpresso_10.0.0_344/workspace/lpc_chip_8xx/Debug/liblpc_chip_8xx.a(chip_8xx.o)
 .debug_aranges
                0x00000238       0xf0 /home/donald/Documents/MCUXpresso_10.0.0_344/workspace/lpc_chip_8xx/Debug/liblpc_chip_8xx.a(clock_8xx.o)
 .debug_aranges
                0x00000328       0x38 /home/donald/Documents/MCUXpresso_10.0.0_344/workspace/lpc_chip_8xx/Debug/liblpc_chip_8xx.a(gpio_8xx.o)
 .debug_aranges
                0x00000360       0x38 /home/donald/Documents/MCUXpresso_10.0.0_344/workspace/lpc_chip_8xx/Debug/liblpc_chip_8xx.a(swm_8xx.o)
 .debug_aranges
                0x00000398       0x50 /home/donald/Documents/MCUXpresso_10.0.0_344/workspace/lpc_chip_8xx/Debug/liblpc_chip_8xx.a(sysinit_8xx.o)
 .debug_aranges
                0x000003e8       0xd8 /home/donald/Documents/MCUXpresso_10.0.0_344/workspace/lpc_chip_8xx/Debug/liblpc_chip_8xx.a(uart_8xx.o)
 .debug_aranges
                0x000004c0       0x58 /home/donald/Documents/MCUXpresso_10.0.0_344/workspace/lpc_chip_8xx/Debug/liblpc_chip_8xx.a(irc_8xx.o)
 .debug_aranges
                0x00000518       0x38 /home/donald/Documents/MCUXpresso_10.0.0_344/workspace/lpc_chip_8xx/Debug/liblpc_chip_8xx.a(syscon_8xx.o)

.debug_ranges   0x00000000      0x450
 .debug_ranges  0x00000000       0x50 ./example/src/cr_startup_lpc8xx.o
 .debug_ranges  0x00000050       0x40 ./example/src/gpio.o
 .debug_ranges  0x00000090       0x10 ./example/src/sysinit.o
 .debug_ranges  0x000000a0       0xc8 /home/donald/Documents/MCUXpresso_10.0.0_344/workspace/lpc_board_nxp_lpcxpresso_812/Debug/liblpc_board_nxp_lpcxpresso_812.a(board.o)
 .debug_ranges  0x00000168       0x30 /home/donald/Documents/MCUXpresso_10.0.0_344/workspace/lpc_board_nxp_lpcxpresso_812/Debug/liblpc_board_nxp_lpcxpresso_812.a(board_sysinit.o)
 .debug_ranges  0x00000198       0x10 /home/donald/Documents/MCUXpresso_10.0.0_344/workspace/lpc_chip_8xx/Debug/liblpc_chip_8xx.a(chip_8xx.o)
 .debug_ranges  0x000001a8       0xe0 /home/donald/Documents/MCUXpresso_10.0.0_344/workspace/lpc_chip_8xx/Debug/liblpc_chip_8xx.a(clock_8xx.o)
 .debug_ranges  0x00000288       0x28 /home/donald/Documents/MCUXpresso_10.0.0_344/workspace/lpc_chip_8xx/Debug/liblpc_chip_8xx.a(gpio_8xx.o)
 .debug_ranges  0x000002b0       0x28 /home/donald/Documents/MCUXpresso_10.0.0_344/workspace/lpc_chip_8xx/Debug/liblpc_chip_8xx.a(swm_8xx.o)
 .debug_ranges  0x000002d8       0x40 /home/donald/Documents/MCUXpresso_10.0.0_344/workspace/lpc_chip_8xx/Debug/liblpc_chip_8xx.a(sysinit_8xx.o)
 .debug_ranges  0x00000318       0xc8 /home/donald/Documents/MCUXpresso_10.0.0_344/workspace/lpc_chip_8xx/Debug/liblpc_chip_8xx.a(uart_8xx.o)
 .debug_ranges  0x000003e0       0x48 /home/donald/Documents/MCUXpresso_10.0.0_344/workspace/lpc_chip_8xx/Debug/liblpc_chip_8xx.a(irc_8xx.o)
 .debug_ranges  0x00000428       0x28 /home/donald/Documents/MCUXpresso_10.0.0_344/workspace/lpc_chip_8xx/Debug/liblpc_chip_8xx.a(syscon_8xx.o)

.debug_macro    0x00000000     0x44e1
 .debug_macro   0x00000000       0x1d ./example/src/cr_startup_lpc8xx.o
 .debug_macro   0x0000001d      0x83e ./example/src/cr_startup_lpc8xx.o
 .debug_macro   0x0000085b       0x1a ./example/src/crp.o
 .debug_macro   0x00000875       0x34 ./example/src/crp.o
 .debug_macro   0x000008a9      0x221 ./example/src/gpio.o
 .debug_macro   0x00000aca       0x10 ./example/src/gpio.o
 .debug_macro   0x00000ada      0x12d ./example/src/gpio.o
 .debug_macro   0x00000c07      0x5b2 ./example/src/gpio.o
 .debug_macro   0x000011b9       0x22 ./example/src/gpio.o
 .debug_macro   0x000011db       0x7b ./example/src/gpio.o
 .debug_macro   0x00001256       0x10 ./example/src/gpio.o
 .debug_macro   0x00001266       0x28 ./example/src/gpio.o
 .debug_macro   0x0000128e       0x3a ./example/src/gpio.o
 .debug_macro   0x000012c8       0x1f ./example/src/gpio.o
 .debug_macro   0x000012e7      0x250 ./example/src/gpio.o
 .debug_macro   0x00001537      0x145 ./example/src/gpio.o
 .debug_macro   0x0000167c       0xca ./example/src/gpio.o
 .debug_macro   0x00001746       0x6a ./example/src/gpio.o
 .debug_macro   0x000017b0       0x70 ./example/src/gpio.o
 .debug_macro   0x00001820       0x28 ./example/src/gpio.o
 .debug_macro   0x00001848      0x190 ./example/src/gpio.o
 .debug_macro   0x000019d8       0x24 ./example/src/gpio.o
 .debug_macro   0x000019fc       0x64 ./example/src/gpio.o
 .debug_macro   0x00001a60       0x10 ./example/src/gpio.o
 .debug_macro   0x00001a70       0x22 ./example/src/gpio.o
 .debug_macro   0x00001a92       0xb2 ./example/src/gpio.o
 .debug_macro   0x00001b44       0x58 ./example/src/gpio.o
 .debug_macro   0x00001b9c       0x58 ./example/src/gpio.o
 .debug_macro   0x00001bf4       0x6a ./example/src/gpio.o
 .debug_macro   0x00001c5e       0x82 ./example/src/gpio.o
 .debug_macro   0x00001ce0       0x16 ./example/src/gpio.o
 .debug_macro   0x00001cf6      0x131 ./example/src/gpio.o
 .debug_macro   0x00001e27       0x22 ./example/src/gpio.o
 .debug_macro   0x00001e49       0x52 ./example/src/gpio.o
 .debug_macro   0x00001e9b      0x181 ./example/src/gpio.o
 .debug_macro   0x0000201c      0x289 ./example/src/gpio.o
 .debug_macro   0x000022a5      0x28b ./example/src/gpio.o
 .debug_macro   0x00002530       0x2e ./example/src/gpio.o
 .debug_macro   0x0000255e       0x22 ./example/src/gpio.o
 .debug_macro   0x00002580       0x16 ./example/src/gpio.o
 .debug_macro   0x00002596       0x9a ./example/src/gpio.o
 .debug_macro   0x00002630       0x20 ./example/src/gpio.o
 .debug_macro   0x00002650       0x29 ./example/src/mtb.o
 .debug_macro   0x00002679       0x82 ./example/src/mtb.o
 .debug_macro   0x000026fb       0x10 ./example/src/mtb.o
 .debug_macro   0x0000270b      0x215 ./example/src/sysinit.o
 .debug_macro   0x00002920      0x232 /home/donald/Documents/MCUXpresso_10.0.0_344/workspace/lpc_board_nxp_lpcxpresso_812/Debug/liblpc_board_nxp_lpcxpresso_812.a(board.o)
 .debug_macro   0x00002b52      0x838 /home/donald/Documents/MCUXpresso_10.0.0_344/workspace/lpc_board_nxp_lpcxpresso_812/Debug/liblpc_board_nxp_lpcxpresso_812.a(board.o)
 .debug_macro   0x0000338a       0x12 /home/donald/Documents/MCUXpresso_10.0.0_344/workspace/lpc_board_nxp_lpcxpresso_812/Debug/liblpc_board_nxp_lpcxpresso_812.a(board.o)
 .debug_macro   0x0000339c      0x215 /home/donald/Documents/MCUXpresso_10.0.0_344/workspace/lpc_board_nxp_lpcxpresso_812/Debug/liblpc_board_nxp_lpcxpresso_812.a(board_sysinit.o)
 .debug_macro   0x000035b1      0x1e0 /home/donald/Documents/MCUXpresso_10.0.0_344/workspace/lpc_chip_8xx/Debug/liblpc_chip_8xx.a(chip_8xx.o)
 .debug_macro   0x00003791      0x1e0 /home/donald/Documents/MCUXpresso_10.0.0_344/workspace/lpc_chip_8xx/Debug/liblpc_chip_8xx.a(clock_8xx.o)
 .debug_macro   0x00003971      0x1e0 /home/donald/Documents/MCUXpresso_10.0.0_344/workspace/lpc_chip_8xx/Debug/liblpc_chip_8xx.a(gpio_8xx.o)
 .debug_macro   0x00003b51      0x1ec /home/donald/Documents/MCUXpresso_10.0.0_344/workspace/lpc_chip_8xx/Debug/liblpc_chip_8xx.a(swm_8xx.o)
 .debug_macro   0x00003d3d      0x1ec /home/donald/Documents/MCUXpresso_10.0.0_344/workspace/lpc_chip_8xx/Debug/liblpc_chip_8xx.a(sysinit_8xx.o)
 .debug_macro   0x00003f29      0x1e0 /home/donald/Documents/MCUXpresso_10.0.0_344/workspace/lpc_chip_8xx/Debug/liblpc_chip_8xx.a(uart_8xx.o)
 .debug_macro   0x00004109      0x1e0 /home/donald/Documents/MCUXpresso_10.0.0_344/workspace/lpc_chip_8xx/Debug/liblpc_chip_8xx.a(irc_8xx.o)
 .debug_macro   0x000042e9      0x1f8 /home/donald/Documents/MCUXpresso_10.0.0_344/workspace/lpc_chip_8xx/Debug/liblpc_chip_8xx.a(syscon_8xx.o)

.debug_line     0x00000000     0x382d
 .debug_line    0x00000000       0xc1 ./example/src/cr_startup_lpc8xx.o
 .debug_line    0x000000c1       0x81 ./example/src/crp.o
 .debug_line    0x00000142      0x4b5 ./example/src/gpio.o
 .debug_line    0x000005f7       0x9e ./example/src/mtb.o
 .debug_line    0x00000695      0x40e ./example/src/sysinit.o
 .debug_line    0x00000aa3      0x65d /home/donald/Documents/MCUXpresso_10.0.0_344/workspace/lpc_board_nxp_lpcxpresso_812/Debug/liblpc_board_nxp_lpcxpresso_812.a(board.o)
 .debug_line    0x00001100      0x463 /home/donald/Documents/MCUXpresso_10.0.0_344/workspace/lpc_board_nxp_lpcxpresso_812/Debug/liblpc_board_nxp_lpcxpresso_812.a(board_sysinit.o)
 .debug_line    0x00001563      0x38a /home/donald/Documents/MCUXpresso_10.0.0_344/workspace/lpc_chip_8xx/Debug/liblpc_chip_8xx.a(chip_8xx.o)
 .debug_line    0x000018ed      0x5da /home/donald/Documents/MCUXpresso_10.0.0_344/workspace/lpc_chip_8xx/Debug/liblpc_chip_8xx.a(clock_8xx.o)
 .debug_line    0x00001ec7      0x3c3 /home/donald/Documents/MCUXpresso_10.0.0_344/workspace/lpc_chip_8xx/Debug/liblpc_chip_8xx.a(gpio_8xx.o)
 .debug_line    0x0000228a      0x3ca /home/donald/Documents/MCUXpresso_10.0.0_344/workspace/lpc_chip_8xx/Debug/liblpc_chip_8xx.a(swm_8xx.o)
 .debug_line    0x00002654      0x412 /home/donald/Documents/MCUXpresso_10.0.0_344/workspace/lpc_chip_8xx/Debug/liblpc_chip_8xx.a(sysinit_8xx.o)
 .debug_line    0x00002a66      0x5ae /home/donald/Documents/MCUXpresso_10.0.0_344/workspace/lpc_chip_8xx/Debug/liblpc_chip_8xx.a(uart_8xx.o)
 .debug_line    0x00003014      0x452 /home/donald/Documents/MCUXpresso_10.0.0_344/workspace/lpc_chip_8xx/Debug/liblpc_chip_8xx.a(irc_8xx.o)
 .debug_line    0x00003466      0x3c7 /home/donald/Documents/MCUXpresso_10.0.0_344/workspace/lpc_chip_8xx/Debug/liblpc_chip_8xx.a(syscon_8xx.o)

.debug_str      0x00000000     0xc90a
 .debug_str     0x00000000     0x2512 ./example/src/cr_startup_lpc8xx.o
                               0x2525 (size before relaxing)
 .debug_str     0x00002512       0xf1 ./example/src/crp.o
                               0x2488 (size before relaxing)
 .debug_str     0x00002603     0x8026 ./example/src/gpio.o
                               0xa4b7 (size before relaxing)
 .debug_str     0x0000a629      0x521 ./example/src/mtb.o
                               0x28b9 (size before relaxing)
 .debug_str     0x0000ab4a       0x19 ./example/src/sysinit.o
                               0x9cc9 (size before relaxing)
 .debug_str     0x0000ab63      0x5be /home/donald/Documents/MCUXpresso_10.0.0_344/workspace/lpc_board_nxp_lpcxpresso_812/Debug/liblpc_board_nxp_lpcxpresso_812.a(board.o)
                               0xa6cc (size before relaxing)
 .debug_str     0x0000b121      0x24b /home/donald/Documents/MCUXpresso_10.0.0_344/workspace/lpc_board_nxp_lpcxpresso_812/Debug/liblpc_board_nxp_lpcxpresso_812.a(board_sysinit.o)
                               0xa357 (size before relaxing)
 .debug_str     0x0000b36c       0x72 /home/donald/Documents/MCUXpresso_10.0.0_344/workspace/lpc_chip_8xx/Debug/liblpc_chip_8xx.a(chip_8xx.o)
                               0x99b4 (size before relaxing)
 .debug_str     0x0000b3de      0x746 /home/donald/Documents/MCUXpresso_10.0.0_344/workspace/lpc_chip_8xx/Debug/liblpc_chip_8xx.a(clock_8xx.o)
                               0xa380 (size before relaxing)
 .debug_str     0x0000bb24       0x32 /home/donald/Documents/MCUXpresso_10.0.0_344/workspace/lpc_chip_8xx/Debug/liblpc_chip_8xx.a(gpio_8xx.o)
                               0x9e2e (size before relaxing)
 .debug_str     0x0000bb56       0xed /home/donald/Documents/MCUXpresso_10.0.0_344/workspace/lpc_chip_8xx/Debug/liblpc_chip_8xx.a(swm_8xx.o)
                               0x9d8d (size before relaxing)
 .debug_str     0x0000bc43      0x161 /home/donald/Documents/MCUXpresso_10.0.0_344/workspace/lpc_chip_8xx/Debug/liblpc_chip_8xx.a(sysinit_8xx.o)
                               0x9de8 (size before relaxing)
 .debug_str     0x0000bda4      0x1ed /home/donald/Documents/MCUXpresso_10.0.0_344/workspace/lpc_chip_8xx/Debug/liblpc_chip_8xx.a(uart_8xx.o)
                               0xa153 (size before relaxing)
 .debug_str     0x0000bf91      0x865 /home/donald/Documents/MCUXpresso_10.0.0_344/workspace/lpc_chip_8xx/Debug/liblpc_chip_8xx.a(irc_8xx.o)
                               0xa5f4 (size before relaxing)
 .debug_str     0x0000c7f6      0x114 /home/donald/Documents/MCUXpresso_10.0.0_344/workspace/lpc_chip_8xx/Debug/liblpc_chip_8xx.a(syscon_8xx.o)
                               0x9ca4 (size before relaxing)

.comment        0x00000000       0x6e
 .comment       0x00000000       0x6e ./example/src/cr_startup_lpc8xx.o
                                 0x6f (size before relaxing)
 .comment       0x0000006e       0x6f ./example/src/crp.o
 .comment       0x0000006e       0x6f ./example/src/gpio.o
 .comment       0x0000006e       0x6f ./example/src/mtb.o
 .comment       0x0000006e       0x6f ./example/src/sysinit.o
 .comment       0x0000006e       0x6f /home/donald/Documents/MCUXpresso_10.0.0_344/workspace/lpc_board_nxp_lpcxpresso_812/Debug/liblpc_board_nxp_lpcxpresso_812.a(board.o)
 .comment       0x0000006e       0x6f /home/donald/Documents/MCUXpresso_10.0.0_344/workspace/lpc_board_nxp_lpcxpresso_812/Debug/liblpc_board_nxp_lpcxpresso_812.a(board_sysinit.o)
 .comment       0x0000006e       0x6f /home/donald/Documents/MCUXpresso_10.0.0_344/workspace/lpc_chip_8xx/Debug/liblpc_chip_8xx.a(chip_8xx.o)
 .comment       0x0000006e       0x6f /home/donald/Documents/MCUXpresso_10.0.0_344/workspace/lpc_chip_8xx/Debug/liblpc_chip_8xx.a(clock_8xx.o)
 .comment       0x0000006e       0x6f /home/donald/Documents/MCUXpresso_10.0.0_344/workspace/lpc_chip_8xx/Debug/liblpc_chip_8xx.a(gpio_8xx.o)
 .comment       0x0000006e       0x6f /home/donald/Documents/MCUXpresso_10.0.0_344/workspace/lpc_chip_8xx/Debug/liblpc_chip_8xx.a(swm_8xx.o)
 .comment       0x0000006e       0x6f /home/donald/Documents/MCUXpresso_10.0.0_344/workspace/lpc_chip_8xx/Debug/liblpc_chip_8xx.a(sysinit_8xx.o)
 .comment       0x0000006e       0x6f /home/donald/Documents/MCUXpresso_10.0.0_344/workspace/lpc_chip_8xx/Debug/liblpc_chip_8xx.a(uart_8xx.o)
 .comment       0x0000006e       0x6f /home/donald/Documents/MCUXpresso_10.0.0_344/workspace/lpc_chip_8xx/Debug/liblpc_chip_8xx.a(irc_8xx.o)
 .comment       0x0000006e       0x6f /home/donald/Documents/MCUXpresso_10.0.0_344/workspace/lpc_chip_8xx/Debug/liblpc_chip_8xx.a(syscon_8xx.o)
 .comment       0x0000006e       0x6f /usr/local/mcuxpressoide-10.0.0_344/ide/tools/bin/../lib/gcc/arm-none-eabi/5.4.1/../../../../arm-none-eabi/lib/armv6-m/libcr_nohost.a(_cr__main.o)
 .comment       0x0000006e       0x6f /usr/local/mcuxpressoide-10.0.0_344/ide/tools/bin/../lib/gcc/arm-none-eabi/5.4.1/../../../../arm-none-eabi/lib/armv6-m/libcr_c.a(initio.o)
 .comment       0x0000006e       0x6f /usr/local/mcuxpressoide-10.0.0_344/ide/tools/bin/../lib/gcc/arm-none-eabi/5.4.1/../../../../arm-none-eabi/lib/armv6-m/libcr_c.a(setvbuf.o)
 .comment       0x0000006e       0x6f /usr/local/mcuxpressoide-10.0.0_344/ide/tools/bin/../lib/gcc/arm-none-eabi/5.4.1/../../../../arm-none-eabi/lib/armv6-m/libcr_c.a(_fdopen.o)
 .comment       0x0000006e       0x6f /usr/local/mcuxpressoide-10.0.0_344/ide/tools/bin/../lib/gcc/arm-none-eabi/5.4.1/../../../../arm-none-eabi/lib/armv6-m/libcr_c.a(fclose.o)
 .comment       0x0000006e       0x6f /usr/local/mcuxpressoide-10.0.0_344/ide/tools/bin/../lib/gcc/arm-none-eabi/5.4.1/../../../../arm-none-eabi/lib/armv6-m/libcr_c.a(fflush.o)
 .comment       0x0000006e       0x6f /usr/local/mcuxpressoide-10.0.0_344/ide/tools/bin/../lib/gcc/arm-none-eabi/5.4.1/../../../../arm-none-eabi/lib/armv6-m/libcr_c.a(fseek.o)
 .comment       0x0000006e       0x6f /usr/local/mcuxpressoide-10.0.0_344/ide/tools/bin/../lib/gcc/arm-none-eabi/5.4.1/../../../../arm-none-eabi/lib/armv6-m/libcr_c.a(ftell.o)
 .comment       0x0000006e       0x6f /usr/local/mcuxpressoide-10.0.0_344/ide/tools/bin/../lib/gcc/arm-none-eabi/5.4.1/../../../../arm-none-eabi/lib/armv6-m/libcr_c.a(remove.o)
 .comment       0x0000006e       0x6f /usr/local/mcuxpressoide-10.0.0_344/ide/tools/bin/../lib/gcc/arm-none-eabi/5.4.1/../../../../arm-none-eabi/lib/armv6-m/libcr_c.a(strlen.o)
 .comment       0x0000006e       0x6f /usr/local/mcuxpressoide-10.0.0_344/ide/tools/bin/../lib/gcc/arm-none-eabi/5.4.1/../../../../arm-none-eabi/lib/armv6-m/libcr_c.a(memset.o)
 .comment       0x0000006e       0x6f /usr/local/mcuxpressoide-10.0.0_344/ide/tools/bin/../lib/gcc/arm-none-eabi/5.4.1/../../../../arm-none-eabi/lib/armv6-m/libcr_c.a(_do_fflush.o)
 .comment       0x0000006e       0x6f /usr/local/mcuxpressoide-10.0.0_344/ide/tools/bin/../lib/gcc/arm-none-eabi/5.4.1/../../../../arm-none-eabi/lib/armv6-m/libcr_c.a(_fflush.o)
 .comment       0x0000006e       0x6f /usr/local/mcuxpressoide-10.0.0_344/ide/tools/bin/../lib/gcc/arm-none-eabi/5.4.1/../../../../arm-none-eabi/lib/armv6-m/libcr_c.a(_writebuf.o)
 .comment       0x0000006e       0x6f /usr/local/mcuxpressoide-10.0.0_344/ide/tools/bin/../lib/gcc/arm-none-eabi/5.4.1/../../../../arm-none-eabi/lib/armv6-m/libcr_c.a(alloc.o)
 .comment       0x0000006e       0x6f /usr/local/mcuxpressoide-10.0.0_344/ide/tools/bin/../lib/gcc/arm-none-eabi/5.4.1/../../../../arm-none-eabi/lib/armv6-m/libcr_c.a(errno.o)
 .comment       0x0000006e       0x6f /usr/local/mcuxpressoide-10.0.0_344/ide/tools/bin/../lib/gcc/arm-none-eabi/5.4.1/../../../../arm-none-eabi/lib/armv6-m/libcr_c.a(_deferredlazyseek.o)
 .comment       0x0000006e       0x6f /usr/local/mcuxpressoide-10.0.0_344/ide/tools/bin/../lib/gcc/arm-none-eabi/5.4.1/../../../../arm-none-eabi/lib/armv6-m/libcr_nohost.a(__ciob.o)
 .comment       0x0000006e       0x6f /usr/local/mcuxpressoide-10.0.0_344/ide/tools/bin/../lib/gcc/arm-none-eabi/5.4.1/../../../../arm-none-eabi/lib/armv6-m/libcr_nohost.a(__sys_close.o)
 .comment       0x0000006e       0x6f /usr/local/mcuxpressoide-10.0.0_344/ide/tools/bin/../lib/gcc/arm-none-eabi/5.4.1/../../../../arm-none-eabi/lib/armv6-m/libcr_nohost.a(__sys_flen.o)
 .comment       0x0000006e       0x6f /usr/local/mcuxpressoide-10.0.0_344/ide/tools/bin/../lib/gcc/arm-none-eabi/5.4.1/../../../../arm-none-eabi/lib/armv6-m/libcr_nohost.a(__sys_istty.o)
 .comment       0x0000006e       0x6f /usr/local/mcuxpressoide-10.0.0_344/ide/tools/bin/../lib/gcc/arm-none-eabi/5.4.1/../../../../arm-none-eabi/lib/armv6-m/libcr_nohost.a(__sys_remove.o)
 .comment       0x0000006e       0x6f /usr/local/mcuxpressoide-10.0.0_344/ide/tools/bin/../lib/gcc/arm-none-eabi/5.4.1/../../../../arm-none-eabi/lib/armv6-m/libcr_nohost.a(__sys_seek.o)
 .comment       0x0000006e       0x6f /usr/local/mcuxpressoide-10.0.0_344/ide/tools/bin/../lib/gcc/arm-none-eabi/5.4.1/../../../../arm-none-eabi/lib/armv6-m/libcr_nohost.a(__sys_tmpnam.o)

.ARM.attributes
                0x00000000       0x2f
 .ARM.attributes
                0x00000000       0x31 ./example/src/cr_startup_lpc8xx.o
 .ARM.attributes
                0x00000031       0x31 ./example/src/crp.o
 .ARM.attributes
                0x00000062       0x31 ./example/src/gpio.o
 .ARM.attributes
                0x00000093       0x31 ./example/src/mtb.o
 .ARM.attributes
                0x000000c4       0x31 ./example/src/sysinit.o
 .ARM.attributes
                0x000000f5       0x31 /home/donald/Documents/MCUXpresso_10.0.0_344/workspace/lpc_board_nxp_lpcxpresso_812/Debug/liblpc_board_nxp_lpcxpresso_812.a(board.o)
 .ARM.attributes
                0x00000126       0x31 /home/donald/Documents/MCUXpresso_10.0.0_344/workspace/lpc_board_nxp_lpcxpresso_812/Debug/liblpc_board_nxp_lpcxpresso_812.a(board_sysinit.o)
 .ARM.attributes
                0x00000157       0x31 /home/donald/Documents/MCUXpresso_10.0.0_344/workspace/lpc_chip_8xx/Debug/liblpc_chip_8xx.a(chip_8xx.o)
 .ARM.attributes
                0x00000188       0x31 /home/donald/Documents/MCUXpresso_10.0.0_344/workspace/lpc_chip_8xx/Debug/liblpc_chip_8xx.a(clock_8xx.o)
 .ARM.attributes
                0x000001b9       0x31 /home/donald/Documents/MCUXpresso_10.0.0_344/workspace/lpc_chip_8xx/Debug/liblpc_chip_8xx.a(gpio_8xx.o)
 .ARM.attributes
                0x000001ea       0x31 /home/donald/Documents/MCUXpresso_10.0.0_344/workspace/lpc_chip_8xx/Debug/liblpc_chip_8xx.a(swm_8xx.o)
 .ARM.attributes
                0x0000021b       0x31 /home/donald/Documents/MCUXpresso_10.0.0_344/workspace/lpc_chip_8xx/Debug/liblpc_chip_8xx.a(sysinit_8xx.o)
 .ARM.attributes
                0x0000024c       0x31 /home/donald/Documents/MCUXpresso_10.0.0_344/workspace/lpc_chip_8xx/Debug/liblpc_chip_8xx.a(uart_8xx.o)
 .ARM.attributes
                0x0000027d       0x31 /home/donald/Documents/MCUXpresso_10.0.0_344/workspace/lpc_chip_8xx/Debug/liblpc_chip_8xx.a(irc_8xx.o)
 .ARM.attributes
                0x000002ae       0x31 /home/donald/Documents/MCUXpresso_10.0.0_344/workspace/lpc_chip_8xx/Debug/liblpc_chip_8xx.a(syscon_8xx.o)
 .ARM.attributes
                0x000002df       0x31 /usr/local/mcuxpressoide-10.0.0_344/ide/tools/bin/../lib/gcc/arm-none-eabi/5.4.1/../../../../arm-none-eabi/lib/armv6-m/libcr_nohost.a(_cr__main.o)
 .ARM.attributes
                0x00000310       0x31 /usr/local/mcuxpressoide-10.0.0_344/ide/tools/bin/../lib/gcc/arm-none-eabi/5.4.1/../../../../arm-none-eabi/lib/armv6-m/libcr_c.a(initio.o)
 .ARM.attributes
                0x00000341       0x31 /usr/local/mcuxpressoide-10.0.0_344/ide/tools/bin/../lib/gcc/arm-none-eabi/5.4.1/../../../../arm-none-eabi/lib/armv6-m/libcr_c.a(setvbuf.o)
 .ARM.attributes
                0x00000372       0x31 /usr/local/mcuxpressoide-10.0.0_344/ide/tools/bin/../lib/gcc/arm-none-eabi/5.4.1/../../../../arm-none-eabi/lib/armv6-m/libcr_c.a(_fdopen.o)
 .ARM.attributes
                0x000003a3       0x31 /usr/local/mcuxpressoide-10.0.0_344/ide/tools/bin/../lib/gcc/arm-none-eabi/5.4.1/../../../../arm-none-eabi/lib/armv6-m/libcr_c.a(fclose.o)
 .ARM.attributes
                0x000003d4       0x31 /usr/local/mcuxpressoide-10.0.0_344/ide/tools/bin/../lib/gcc/arm-none-eabi/5.4.1/../../../../arm-none-eabi/lib/armv6-m/libcr_c.a(fflush.o)
 .ARM.attributes
                0x00000405       0x31 /usr/local/mcuxpressoide-10.0.0_344/ide/tools/bin/../lib/gcc/arm-none-eabi/5.4.1/../../../../arm-none-eabi/lib/armv6-m/libcr_c.a(fseek.o)
 .ARM.attributes
                0x00000436       0x31 /usr/local/mcuxpressoide-10.0.0_344/ide/tools/bin/../lib/gcc/arm-none-eabi/5.4.1/../../../../arm-none-eabi/lib/armv6-m/libcr_c.a(ftell.o)
 .ARM.attributes
                0x00000467       0x31 /usr/local/mcuxpressoide-10.0.0_344/ide/tools/bin/../lib/gcc/arm-none-eabi/5.4.1/../../../../arm-none-eabi/lib/armv6-m/libcr_c.a(remove.o)
 .ARM.attributes
                0x00000498       0x31 /usr/local/mcuxpressoide-10.0.0_344/ide/tools/bin/../lib/gcc/arm-none-eabi/5.4.1/../../../../arm-none-eabi/lib/armv6-m/libcr_c.a(strlen.o)
 .ARM.attributes
                0x000004c9       0x31 /usr/local/mcuxpressoide-10.0.0_344/ide/tools/bin/../lib/gcc/arm-none-eabi/5.4.1/../../../../arm-none-eabi/lib/armv6-m/libcr_c.a(memset.o)
 .ARM.attributes
                0x000004fa       0x31 /usr/local/mcuxpressoide-10.0.0_344/ide/tools/bin/../lib/gcc/arm-none-eabi/5.4.1/../../../../arm-none-eabi/lib/armv6-m/libcr_c.a(_do_fflush.o)
 .ARM.attributes
                0x0000052b       0x31 /usr/local/mcuxpressoide-10.0.0_344/ide/tools/bin/../lib/gcc/arm-none-eabi/5.4.1/../../../../arm-none-eabi/lib/armv6-m/libcr_c.a(_fflush.o)
 .ARM.attributes
                0x0000055c       0x31 /usr/local/mcuxpressoide-10.0.0_344/ide/tools/bin/../lib/gcc/arm-none-eabi/5.4.1/../../../../arm-none-eabi/lib/armv6-m/libcr_c.a(_writebuf.o)
 .ARM.attributes
                0x0000058d       0x31 /usr/local/mcuxpressoide-10.0.0_344/ide/tools/bin/../lib/gcc/arm-none-eabi/5.4.1/../../../../arm-none-eabi/lib/armv6-m/libcr_c.a(alloc.o)
 .ARM.attributes
                0x000005be       0x31 /usr/local/mcuxpressoide-10.0.0_344/ide/tools/bin/../lib/gcc/arm-none-eabi/5.4.1/../../../../arm-none-eabi/lib/armv6-m/libcr_c.a(errno.o)
 .ARM.attributes
                0x000005ef       0x31 /usr/local/mcuxpressoide-10.0.0_344/ide/tools/bin/../lib/gcc/arm-none-eabi/5.4.1/../../../../arm-none-eabi/lib/armv6-m/libcr_c.a(_deferredlazyseek.o)
 .ARM.attributes
                0x00000620       0x21 /usr/local/mcuxpressoide-10.0.0_344/ide/tools/bin/../lib/gcc/arm-none-eabi/5.4.1/armv6-m/libcr_eabihelpers.a(division_32.o)
 .ARM.attributes
                0x00000641       0x21 /usr/local/mcuxpressoide-10.0.0_344/ide/tools/bin/../lib/gcc/arm-none-eabi/5.4.1/armv6-m/libcr_eabihelpers.a(division_64.o)
 .ARM.attributes
                0x00000662       0x21 /usr/local/mcuxpressoide-10.0.0_344/ide/tools/bin/../lib/gcc/arm-none-eabi/5.4.1/armv6-m/libcr_eabihelpers.a(division_idiv0.o)
 .ARM.attributes
                0x00000683       0x21 /usr/local/mcuxpressoide-10.0.0_344/ide/tools/bin/../lib/gcc/arm-none-eabi/5.4.1/armv6-m/libcr_eabihelpers.a(memcpy.o)
 .ARM.attributes
                0x000006a4       0x31 /usr/local/mcuxpressoide-10.0.0_344/ide/tools/bin/../lib/gcc/arm-none-eabi/5.4.1/../../../../arm-none-eabi/lib/armv6-m/libcr_nohost.a(__ciob.o)
 .ARM.attributes
                0x000006d5       0x31 /usr/local/mcuxpressoide-10.0.0_344/ide/tools/bin/../lib/gcc/arm-none-eabi/5.4.1/../../../../arm-none-eabi/lib/armv6-m/libcr_nohost.a(__sys_close.o)
 .ARM.attributes
                0x00000706       0x31 /usr/local/mcuxpressoide-10.0.0_344/ide/tools/bin/../lib/gcc/arm-none-eabi/5.4.1/../../../../arm-none-eabi/lib/armv6-m/libcr_nohost.a(__sys_flen.o)
 .ARM.attributes
                0x00000737       0x31 /usr/local/mcuxpressoide-10.0.0_344/ide/tools/bin/../lib/gcc/arm-none-eabi/5.4.1/../../../../arm-none-eabi/lib/armv6-m/libcr_nohost.a(__sys_istty.o)
 .ARM.attributes
                0x00000768       0x31 /usr/local/mcuxpressoide-10.0.0_344/ide/tools/bin/../lib/gcc/arm-none-eabi/5.4.1/../../../../arm-none-eabi/lib/armv6-m/libcr_nohost.a(__sys_remove.o)
 .ARM.attributes
                0x00000799       0x31 /usr/local/mcuxpressoide-10.0.0_344/ide/tools/bin/../lib/gcc/arm-none-eabi/5.4.1/../../../../arm-none-eabi/lib/armv6-m/libcr_nohost.a(__sys_seek.o)
 .ARM.attributes
                0x000007ca       0x31 /usr/local/mcuxpressoide-10.0.0_344/ide/tools/bin/../lib/gcc/arm-none-eabi/5.4.1/../../../../arm-none-eabi/lib/armv6-m/libcr_nohost.a(__sys_tmpnam.o)

.debug_frame    0x00000000      0xffc
 .debug_frame   0x00000000      0x118 ./example/src/cr_startup_lpc8xx.o
 .debug_frame   0x00000118       0xe8 ./example/src/gpio.o
 .debug_frame   0x00000200       0x2c ./example/src/sysinit.o
 .debug_frame   0x0000022c      0x304 /home/donald/Documents/MCUXpresso_10.0.0_344/workspace/lpc_board_nxp_lpcxpresso_812/Debug/liblpc_board_nxp_lpcxpresso_812.a(board.o)
 .debug_frame   0x00000530       0xa4 /home/donald/Documents/MCUXpresso_10.0.0_344/workspace/lpc_board_nxp_lpcxpresso_812/Debug/liblpc_board_nxp_lpcxpresso_812.a(board_sysinit.o)
 .debug_frame   0x000005d4       0x2c /home/donald/Documents/MCUXpresso_10.0.0_344/workspace/lpc_chip_8xx/Debug/liblpc_chip_8xx.a(chip_8xx.o)
 .debug_frame   0x00000600      0x354 /home/donald/Documents/MCUXpresso_10.0.0_344/workspace/lpc_chip_8xx/Debug/liblpc_chip_8xx.a(clock_8xx.o)
 .debug_frame   0x00000954       0x90 /home/donald/Documents/MCUXpresso_10.0.0_344/workspace/lpc_chip_8xx/Debug/liblpc_chip_8xx.a(gpio_8xx.o)
 .debug_frame   0x000009e4       0x90 /home/donald/Documents/MCUXpresso_10.0.0_344/workspace/lpc_chip_8xx/Debug/liblpc_chip_8xx.a(swm_8xx.o)
 .debug_frame   0x00000a74       0xe0 /home/donald/Documents/MCUXpresso_10.0.0_344/workspace/lpc_chip_8xx/Debug/liblpc_chip_8xx.a(sysinit_8xx.o)
 .debug_frame   0x00000b54      0x310 /home/donald/Documents/MCUXpresso_10.0.0_344/workspace/lpc_chip_8xx/Debug/liblpc_chip_8xx.a(uart_8xx.o)
 .debug_frame   0x00000e64      0x108 /home/donald/Documents/MCUXpresso_10.0.0_344/workspace/lpc_chip_8xx/Debug/liblpc_chip_8xx.a(irc_8xx.o)
 .debug_frame   0x00000f6c       0x90 /home/donald/Documents/MCUXpresso_10.0.0_344/workspace/lpc_chip_8xx/Debug/liblpc_chip_8xx.a(syscon_8xx.o)
